// Jest Snapshot v1, https://goo.gl/fbAQLP

exports[`Snapshot 1`] = `
Object {
  "Parameters": Object {
    "BootstrapVersion": Object {
      "Default": "/cdk-bootstrap/hnb659fds/version",
      "Description": "Version of the CDK Bootstrap resources in this environment, automatically retrieved from SSM Parameter Store. [cdk:skip]",
      "Type": "AWS::SSM::Parameter::Value<String>",
    },
  },
  "Resources": Object {
    "LogRetentionaae0aa3c5b4d4f87b02d85b201efdd8aFD4BFC8A": Object {
      "DependsOn": Array [
        "LogRetentionaae0aa3c5b4d4f87b02d85b201efdd8aServiceRoleDefaultPolicyADDA7DEB",
        "LogRetentionaae0aa3c5b4d4f87b02d85b201efdd8aServiceRole9741ECFB",
      ],
      "Properties": Object {
        "Code": Object {
          "S3Bucket": Object {
            "Fn::Sub": "cdk-hnb659fds-assets-\${AWS::AccountId}-\${AWS::Region}",
          },
          "S3Key": "c13434f8f1aa2ea30fa577b2feb208a41368b11787b752e10bfc71fe8eb919d5.zip",
        },
        "Handler": "index.handler",
        "Role": Object {
          "Fn::GetAtt": Array [
            "LogRetentionaae0aa3c5b4d4f87b02d85b201efdd8aServiceRole9741ECFB",
            "Arn",
          ],
        },
        "Runtime": "nodejs14.x",
      },
      "Type": "AWS::Lambda::Function",
    },
    "LogRetentionaae0aa3c5b4d4f87b02d85b201efdd8aServiceRole9741ECFB": Object {
      "Properties": Object {
        "AssumeRolePolicyDocument": Object {
          "Statement": Array [
            Object {
              "Action": "sts:AssumeRole",
              "Effect": "Allow",
              "Principal": Object {
                "Service": "lambda.amazonaws.com",
              },
            },
          ],
          "Version": "2012-10-17",
        },
        "ManagedPolicyArns": Array [
          Object {
            "Fn::Join": Array [
              "",
              Array [
                "arn:",
                Object {
                  "Ref": "AWS::Partition",
                },
                ":iam::aws:policy/service-role/AWSLambdaBasicExecutionRole",
              ],
            ],
          },
        ],
      },
      "Type": "AWS::IAM::Role",
    },
    "LogRetentionaae0aa3c5b4d4f87b02d85b201efdd8aServiceRoleDefaultPolicyADDA7DEB": Object {
      "Properties": Object {
        "PolicyDocument": Object {
          "Statement": Array [
            Object {
              "Action": Array [
                "logs:PutRetentionPolicy",
                "logs:DeleteRetentionPolicy",
              ],
              "Effect": "Allow",
              "Resource": "*",
            },
          ],
          "Version": "2012-10-17",
        },
        "PolicyName": "LogRetentionaae0aa3c5b4d4f87b02d85b201efdd8aServiceRoleDefaultPolicyADDA7DEB",
        "Roles": Array [
          Object {
            "Ref": "LogRetentionaae0aa3c5b4d4f87b02d85b201efdd8aServiceRole9741ECFB",
          },
        ],
      },
      "Type": "AWS::IAM::Policy",
    },
    "OrganizationAccountProviderhandlerEAF7C45E": Object {
      "DependsOn": Array [
        "OrganizationAccountProviderroleFD0EE157",
      ],
      "Properties": Object {
        "Code": Object {
          "S3Bucket": Object {
            "Fn::Sub": "cdk-hnb659fds-assets-\${AWS::AccountId}-\${AWS::Region}",
          },
          "S3Key": "0cd5206a8d9b08f8135770a304f9c28303ba9457bac2474306d59aaa8c47c6c1.zip",
        },
        "Handler": "index.on_event",
        "Role": Object {
          "Fn::GetAtt": Array [
            "OrganizationAccountProviderroleFD0EE157",
            "Arn",
          ],
        },
        "Runtime": "python3.9",
        "Timeout": 300,
      },
      "Type": "AWS::Lambda::Function",
    },
    "OrganizationAccountProviderpolicy92ABFDF8": Object {
      "Properties": Object {
        "Description": "",
        "Path": "/",
        "PolicyDocument": Object {
          "Statement": Array [
            Object {
              "Action": Array [
                "organizations:ListOrganizationalUnitsForParent",
                "organizations:ListAccountsForParent",
                "organizations:ListRoots",
                "organizations:MoveAccount",
              ],
              "Effect": "Allow",
              "Resource": "*",
            },
          ],
          "Version": "2012-10-17",
        },
      },
      "Type": "AWS::IAM::ManagedPolicy",
    },
    "OrganizationAccountProviderproviderframeworkonEventA1FDA928": Object {
      "DependsOn": Array [
        "OrganizationAccountProviderproviderframeworkonEventServiceRoleDefaultPolicy05A6AEB5",
        "OrganizationAccountProviderproviderframeworkonEventServiceRole082F1D31",
      ],
      "Properties": Object {
        "Code": Object {
          "S3Bucket": Object {
            "Fn::Sub": "cdk-hnb659fds-assets-\${AWS::AccountId}-\${AWS::Region}",
          },
          "S3Key": "c691172cdeefa2c91b5a2907f9d81118e47597634943344795f1a844192dd49c.zip",
        },
        "Description": "AWS CDK resource provider framework - onEvent (TestStack/OrganizationAccountProvider/provider)",
        "Environment": Object {
          "Variables": Object {
            "USER_ON_EVENT_FUNCTION_ARN": Object {
              "Fn::GetAtt": Array [
                "OrganizationAccountProviderhandlerEAF7C45E",
                "Arn",
              ],
            },
          },
        },
        "Handler": "framework.onEvent",
        "Role": Object {
          "Fn::GetAtt": Array [
            "OrganizationAccountProviderproviderframeworkonEventServiceRole082F1D31",
            "Arn",
          ],
        },
        "Runtime": "nodejs12.x",
        "Timeout": 900,
      },
      "Type": "AWS::Lambda::Function",
    },
    "OrganizationAccountProviderproviderframeworkonEventLogRetentionB1D63354": Object {
      "Properties": Object {
        "LogGroupName": Object {
          "Fn::Join": Array [
            "",
            Array [
              "/aws/lambda/",
              Object {
                "Ref": "OrganizationAccountProviderproviderframeworkonEventA1FDA928",
              },
            ],
          ],
        },
        "RetentionInDays": 1,
        "ServiceToken": Object {
          "Fn::GetAtt": Array [
            "LogRetentionaae0aa3c5b4d4f87b02d85b201efdd8aFD4BFC8A",
            "Arn",
          ],
        },
      },
      "Type": "Custom::LogRetention",
    },
    "OrganizationAccountProviderproviderframeworkonEventServiceRole082F1D31": Object {
      "Properties": Object {
        "AssumeRolePolicyDocument": Object {
          "Statement": Array [
            Object {
              "Action": "sts:AssumeRole",
              "Effect": "Allow",
              "Principal": Object {
                "Service": "lambda.amazonaws.com",
              },
            },
          ],
          "Version": "2012-10-17",
        },
        "ManagedPolicyArns": Array [
          Object {
            "Fn::Join": Array [
              "",
              Array [
                "arn:",
                Object {
                  "Ref": "AWS::Partition",
                },
                ":iam::aws:policy/service-role/AWSLambdaBasicExecutionRole",
              ],
            ],
          },
        ],
      },
      "Type": "AWS::IAM::Role",
    },
    "OrganizationAccountProviderproviderframeworkonEventServiceRoleDefaultPolicy05A6AEB5": Object {
      "Properties": Object {
        "PolicyDocument": Object {
          "Statement": Array [
            Object {
              "Action": "lambda:InvokeFunction",
              "Effect": "Allow",
              "Resource": Object {
                "Fn::GetAtt": Array [
                  "OrganizationAccountProviderhandlerEAF7C45E",
                  "Arn",
                ],
              },
            },
          ],
          "Version": "2012-10-17",
        },
        "PolicyName": "OrganizationAccountProviderproviderframeworkonEventServiceRoleDefaultPolicy05A6AEB5",
        "Roles": Array [
          Object {
            "Ref": "OrganizationAccountProviderproviderframeworkonEventServiceRole082F1D31",
          },
        ],
      },
      "Type": "AWS::IAM::Policy",
    },
    "OrganizationAccountProviderroleFD0EE157": Object {
      "Properties": Object {
        "AssumeRolePolicyDocument": Object {
          "Statement": Array [
            Object {
              "Action": "sts:AssumeRole",
              "Effect": "Allow",
              "Principal": Object {
                "Service": "lambda.amazonaws.com",
              },
            },
          ],
          "Version": "2012-10-17",
        },
        "ManagedPolicyArns": Array [
          Object {
            "Ref": "OrganizationAccountProviderpolicy92ABFDF8",
          },
          Object {
            "Fn::Join": Array [
              "",
              Array [
                "arn:",
                Object {
                  "Ref": "AWS::Partition",
                },
                ":iam::aws:policy/service-role/AWSLambdaBasicExecutionRole",
              ],
            ],
          },
        ],
      },
      "Type": "AWS::IAM::Role",
    },
    "OrganizationOUProviderhandler080F4AD3": Object {
      "DependsOn": Array [
        "OrganizationOUProviderroleA45081DC",
      ],
      "Properties": Object {
        "Code": Object {
          "S3Bucket": Object {
            "Fn::Sub": "cdk-hnb659fds-assets-\${AWS::AccountId}-\${AWS::Region}",
          },
          "S3Key": "686a4d7c54a1ddeb61aa6fd3ee2dd61897a21162d36c77dbb12e4207f064b44b.zip",
        },
        "Handler": "index.on_event",
        "Role": Object {
          "Fn::GetAtt": Array [
            "OrganizationOUProviderroleA45081DC",
            "Arn",
          ],
        },
        "Runtime": "python3.9",
        "Timeout": 10,
      },
      "Type": "AWS::Lambda::Function",
    },
    "OrganizationOUProviderpolicyC8E987A8": Object {
      "Properties": Object {
        "Description": "",
        "Path": "/",
        "PolicyDocument": Object {
          "Statement": Array [
            Object {
              "Action": Array [
                "organizations:UpdateOrganizationalUnit",
                "organizations:DeleteOrganizationalUnit",
                "organizations:ListOrganizationalUnitsForParent",
                "organizations:CreateOrganizationalUnit",
                "organizations:DescribeAccount",
                "organizations:DescribeCreateAccountStatus",
                "organizations:CreateAccount",
              ],
              "Effect": "Allow",
              "Resource": "*",
            },
          ],
          "Version": "2012-10-17",
        },
      },
      "Type": "AWS::IAM::ManagedPolicy",
    },
    "OrganizationOUProviderproviderframeworkonEvent455BD921": Object {
      "DependsOn": Array [
        "OrganizationOUProviderproviderframeworkonEventServiceRoleDefaultPolicy1A8B9C1C",
        "OrganizationOUProviderproviderframeworkonEventServiceRole32FF7533",
      ],
      "Properties": Object {
        "Code": Object {
          "S3Bucket": Object {
            "Fn::Sub": "cdk-hnb659fds-assets-\${AWS::AccountId}-\${AWS::Region}",
          },
          "S3Key": "c691172cdeefa2c91b5a2907f9d81118e47597634943344795f1a844192dd49c.zip",
        },
        "Description": "AWS CDK resource provider framework - onEvent (TestStack/OrganizationOUProvider/provider)",
        "Environment": Object {
          "Variables": Object {
            "USER_ON_EVENT_FUNCTION_ARN": Object {
              "Fn::GetAtt": Array [
                "OrganizationOUProviderhandler080F4AD3",
                "Arn",
              ],
            },
          },
        },
        "Handler": "framework.onEvent",
        "Role": Object {
          "Fn::GetAtt": Array [
            "OrganizationOUProviderproviderframeworkonEventServiceRole32FF7533",
            "Arn",
          ],
        },
        "Runtime": "nodejs12.x",
        "Timeout": 900,
      },
      "Type": "AWS::Lambda::Function",
    },
    "OrganizationOUProviderproviderframeworkonEventLogRetention49235E57": Object {
      "Properties": Object {
        "LogGroupName": Object {
          "Fn::Join": Array [
            "",
            Array [
              "/aws/lambda/",
              Object {
                "Ref": "OrganizationOUProviderproviderframeworkonEvent455BD921",
              },
            ],
          ],
        },
        "RetentionInDays": 1,
        "ServiceToken": Object {
          "Fn::GetAtt": Array [
            "LogRetentionaae0aa3c5b4d4f87b02d85b201efdd8aFD4BFC8A",
            "Arn",
          ],
        },
      },
      "Type": "Custom::LogRetention",
    },
    "OrganizationOUProviderproviderframeworkonEventServiceRole32FF7533": Object {
      "Properties": Object {
        "AssumeRolePolicyDocument": Object {
          "Statement": Array [
            Object {
              "Action": "sts:AssumeRole",
              "Effect": "Allow",
              "Principal": Object {
                "Service": "lambda.amazonaws.com",
              },
            },
          ],
          "Version": "2012-10-17",
        },
        "ManagedPolicyArns": Array [
          Object {
            "Fn::Join": Array [
              "",
              Array [
                "arn:",
                Object {
                  "Ref": "AWS::Partition",
                },
                ":iam::aws:policy/service-role/AWSLambdaBasicExecutionRole",
              ],
            ],
          },
        ],
      },
      "Type": "AWS::IAM::Role",
    },
    "OrganizationOUProviderproviderframeworkonEventServiceRoleDefaultPolicy1A8B9C1C": Object {
      "Properties": Object {
        "PolicyDocument": Object {
          "Statement": Array [
            Object {
              "Action": "lambda:InvokeFunction",
              "Effect": "Allow",
              "Resource": Object {
                "Fn::GetAtt": Array [
                  "OrganizationOUProviderhandler080F4AD3",
                  "Arn",
                ],
              },
            },
          ],
          "Version": "2012-10-17",
        },
        "PolicyName": "OrganizationOUProviderproviderframeworkonEventServiceRoleDefaultPolicy1A8B9C1C",
        "Roles": Array [
          Object {
            "Ref": "OrganizationOUProviderproviderframeworkonEventServiceRole32FF7533",
          },
        ],
      },
      "Type": "AWS::IAM::Policy",
    },
    "OrganizationOUProviderroleA45081DC": Object {
      "Properties": Object {
        "AssumeRolePolicyDocument": Object {
          "Statement": Array [
            Object {
              "Action": "sts:AssumeRole",
              "Effect": "Allow",
              "Principal": Object {
                "Service": "lambda.amazonaws.com",
              },
            },
          ],
          "Version": "2012-10-17",
        },
        "ManagedPolicyArns": Array [
          Object {
            "Ref": "OrganizationOUProviderpolicyC8E987A8",
          },
          Object {
            "Fn::Join": Array [
              "",
              Array [
                "arn:",
                Object {
                  "Ref": "AWS::Partition",
                },
                ":iam::aws:policy/service-role/AWSLambdaBasicExecutionRole",
              ],
            ],
          },
        ],
      },
      "Type": "AWS::IAM::Role",
    },
    "TestAccounttestexamplecomouCFF56022": Object {
      "DeletionPolicy": "Delete",
      "DependsOn": Array [
        "OrganizationAccountProviderproviderframeworkonEventLogRetentionB1D63354",
        "OrganizationAccountProviderproviderframeworkonEventA1FDA928",
        "OrganizationAccountProviderproviderframeworkonEventServiceRoleDefaultPolicy05A6AEB5",
        "OrganizationAccountProviderproviderframeworkonEventServiceRole082F1D31",
        "oudf425b37ou574381B2",
      ],
      "Properties": Object {
        "AllowMove": false,
        "DisableDelete": false,
        "ImportOnDuplicate": false,
        "Name": "TestAccount",
        "Parent": Object {
          "Ref": "oudf425b37ou574381B2",
        },
        "ServiceToken": Object {
          "Fn::GetAtt": Array [
            "OrganizationAccountProviderproviderframeworkonEventA1FDA928",
            "Arn",
          ],
        },
      },
      "Type": "AWS::CloudFormation::CustomResource",
      "UpdateReplacePolicy": "Delete",
    },
    "ou301416f8ouDD4B1D0E": Object {
      "DeletionPolicy": "Delete",
      "DependsOn": Array [
        "OrganizationOUProviderproviderframeworkonEventLogRetention49235E57",
        "OrganizationOUProviderproviderframeworkonEvent455BD921",
        "OrganizationOUProviderproviderframeworkonEventServiceRoleDefaultPolicy1A8B9C1C",
        "OrganizationOUProviderproviderframeworkonEventServiceRole32FF7533",
      ],
      "Properties": Object {
        "AllowRecreateOnUpdate": false,
        "ImportOnDuplicate": false,
        "Name": "TestOU",
        "Parent": "r-a1b2",
        "ServiceToken": Object {
          "Fn::GetAtt": Array [
            "OrganizationOUProviderproviderframeworkonEvent455BD921",
            "Arn",
          ],
        },
      },
      "Type": "AWS::CloudFormation::CustomResource",
      "UpdateReplacePolicy": "Delete",
    },
    "oudf425b37ou574381B2": Object {
      "DeletionPolicy": "Delete",
      "DependsOn": Array [
        "OrganizationOUProviderproviderframeworkonEventLogRetention49235E57",
        "OrganizationOUProviderproviderframeworkonEvent455BD921",
        "OrganizationOUProviderproviderframeworkonEventServiceRoleDefaultPolicy1A8B9C1C",
        "OrganizationOUProviderproviderframeworkonEventServiceRole32FF7533",
      ],
      "Properties": Object {
        "AllowRecreateOnUpdate": false,
        "ImportOnDuplicate": false,
        "Name": "TestOUChild",
        "Parent": Object {
          "Ref": "ou301416f8ouDD4B1D0E",
        },
        "ServiceToken": Object {
          "Fn::GetAtt": Array [
            "OrganizationOUProviderproviderframeworkonEvent455BD921",
            "Arn",
          ],
        },
      },
      "Type": "AWS::CloudFormation::CustomResource",
      "UpdateReplacePolicy": "Delete",
    },
  },
  "Rules": Object {
    "CheckBootstrapVersion": Object {
      "Assertions": Array [
        Object {
          "Assert": Object {
            "Fn::Not": Array [
              Object {
                "Fn::Contains": Array [
                  Array [
                    "1",
                    "2",
                    "3",
                    "4",
                    "5",
                  ],
                  Object {
                    "Ref": "BootstrapVersion",
                  },
                ],
              },
            ],
          },
          "AssertDescription": "CDK bootstrap stack version 6 required. Please run 'cdk bootstrap' with a recent version of the CDK CLI.",
        },
      ],
    },
  },
}
`;
